---
source: crates/railhead-swarm/src/tui/draw.rs
assertion_line: 462
expression: "render(&view, 120, 30)?.backend()"
---
" SIMULATED RUN  00:11  ended: completed  casqueblanc/demo · 4 agents × 3 rounds · seed 211                              "
"pushes 14 (72.6/min)  landings 12 (62.2/min)  ready→landed p50 0.7s p95 2.4s                                            "
"auto-merged 2  routed 2  redos 2  unverified 0  stalls 0  failures 0  done 4/4                                          "
"────────────────────────────────────────────────────────────────────────────────────────────────────────────────────────"
"┌ swarm-01 ──────────────────────────────────────────────────────┐┌ Train ─────────────────────────────────────────────┐"
"│   +1.3s pushed 516bcfe overlap swarm/contested.txt             ││waiting 0  landed 12  unverified 0                  │"
"│   +1.4s ready 516bcfe                                          ││landed  swarm-01   0.2s overlap clm_swarm0011       │"
"│   +1.9s conflict on swarm/contested.txt with clm_swarm0000, ite││landed  swarm-02   2.0s hunks clm_swarm0010         │"
"│   +2.0s acknowledged item 1                                    ││landed  swarm-03   2.4s hunks clm_swarm0008         │"
"│   +2.2s claimed clm_swarm0001 gen 2, resumed                   ││landed  swarm-00   2.0s overlap clm_swarm0009       │"
"│   +2.2s redo at gen 2                                          ││landed  swarm-01   1.6s overlap clm_swarm0007       │"
"│   +2.5s pushed d651c8f overlap swarm/contested.txt             ││landed  swarm-02   0.9s hunks clm_swarm0004         │"
"│   +2.8s ready d651c8f                                          ││landed  swarm-00   0.7s hunks clm_swarm0006         │"
"│   +3.0s landed clm_swarm0001 in 0.2s                           ││landed  swarm-03   0.8s disjoint clm_swarm0005      │"
"│   +3.7s claimed clm_swarm0007 gen 1                            ││landed  swarm-01   0.2s overlap clm_swarm0001       │"
"│   +3.8s pushed 3d9c6d9 overlap swarm/contested.txt             ││landed  swarm-00   0.1s disjoint clm_swarm0003      │"
"│   +4.5s ready 3d9c6d9                                          │└ batches, checks: not visible (#277) ───────────────┘"
"│   +6.1s landed clm_swarm0007 in 1.6s                           │┌ Conflicts ─────────────────────────────────────────┐"
"│   +7.1s claimed clm_swarm0011 gen 1                            ││auto-merged 2  routed 2                             │"
"│   +7.5s pushed 443e1c5 overlap swarm/contested.txt             ││routed→redo swarm/contested.txt swarm-01 clm_swarm00│"
"│   +9.1s ready 443e1c5                                          ││auto-merged swarm/shared.txt clm_swarm0008 + clm_swa│"
"│   +9.3s conflict on swarm/contested.txt with clm_swarm0010, ite││auto-merged swarm/shared.txt clm_swarm0006 + clm_swa│"
"│   +9.4s acknowledged item 2                                    ││routed→redo swarm/contested.txt swarm-01 clm_swarm00│"
"│  +10.1s claimed clm_swarm0011 gen 2, resumed                   ││                                                    │"
"│  +10.1s redo at gen 2                                          ││                                                    │"
"│  +10.6s pushed 8340381 overlap swarm/contested.txt             ││                                                    │"
"│  +11.2s ready 8340381                                          ││                                                    │"
"│  +11.4s landed clm_swarm0011 in 0.2s                           ││                                                    │"
"└ enter or esc closes ───────────────────────────────────────────┘└────────────────────────────────────────────────────┘"
" q exit · ↑↓ select · enter events                                                                                      "
