---
source: crates/railhead-swarm/src/tui/draw.rs
assertion_line: 439
expression: "render(&view, 140, 30)?.backend()"
---
" SIMULATED RUN  00:01  running  casqueblanc/demo · 4 agents × 3 rounds · seed 211                                                           "
"pushes 4 (24.0/min)  landings 0 (0.0/min)  ready→landed p50 - p95 -                                                                         "
"auto-merged 0  routed 1  redos 0  unverified 0  stalls 0  failures 0  done 0/4                                                              "
"────────────────────────────────────────────────────────────────────────────────────────────────────────────────────────────────────────────"
"┌ Agents ───────────────────────────────────────────────────────────────────┐┌ Train ──────────────────────────────────────────────────────┐"
"│ agent    step       gen claim          land last event                    ││waiting 3  landed 0  unverified 0                            │"
"│ swarm-00 in train   1   clm_swarm0003  0    ready 1ec1f95                 ││pinned  swarm-03   0.6s clm_swarm0000                        │"
"│›swarm-01 in train   1   clm_swarm0001  0    conflict on swarm/contested.tx││pinned  swarm-02   0.5s clm_swarm0002                        │"
"│ swarm-02 in train   1   clm_swarm0002  0    ready ce42cee                 ││pinned  swarm-00   0.0s clm_swarm0003                        │"
"│ swarm-03 in train   1   clm_swarm0000  0    ready ed3a5e2                 ││                                                             │"
"│                                                                           ││                                                             │"
"│                                                                           ││                                                             │"
"│                                                                           ││                                                             │"
"│                                                                           ││                                                             │"
"│                                                                           ││                                                             │"
"│                                                                           ││                                                             │"
"│                                                                           │└ batches, checks: not visible (#277) ────────────────────────┘"
"│                                                                           │┌ Conflicts ──────────────────────────────────────────────────┐"
"│                                                                           ││auto-merged 0  routed 1                                      │"
"│                                                                           ││routed      swarm/contested.txt swarm-01 clm_swarm0001 vs clm│"
"│                                                                           ││                                                             │"
"│                                                                           ││                                                             │"
"│                                                                           ││                                                             │"
"│                                                                           ││                                                             │"
"│                                                                           ││                                                             │"
"│                                                                           ││                                                             │"
"│                                                                           ││                                                             │"
"│                                                                           ││                                                             │"
"└───────────────────────────────────────────────────────────────────────────┘└─────────────────────────────────────────────────────────────┘"
" q stop · p pause · ↑↓ select · enter events                                                                                                "
