---
source: crates/railhead-swarm/src/tui/draw.rs
assertion_line: 528
expression: "render(&view, 140, 24)?.backend()"
---
" SIMULATED RUN  00:02  running  casqueblanc/demo · 6 agents × 1 rounds · seed 211                                                           "
"pushes 0 (0.0/min)  landings 0 (0.0/min)  ready→landed p50 - p95 -                                                                          "
"auto-merged 0  routed 0  redos 0  unverified 0  stalls 0  failures 0  done 0/6                                                              "
"────────────────────────────────────────────────────────────────────────────────────────────────────────────────────────────────────────────"
"┌ Agents ───────────────────────────────────────────────────────────────────┐┌ Train ──────────────────────────────────────────────────────┐"
"│ agent    step       gen claim          land last event                    ││waiting 6  landed 0  unverified 0                            │"
"│›swarm-00 in train       clm_swarm0000  0    train: batch 3 checking chk_wa││batch 3 checking chk_wave0003                                │"
"│ swarm-01 in train       clm_swarm0001  0    train: batch 3 checking chk_wa││        swarm-00   1.9s clm_swarm0000                        │"
"│ swarm-02 in train       clm_swarm0002  0    train: queued #2              ││        swarm-01   1.8s clm_swarm0001                        │"
"│ swarm-03 in train       clm_swarm0003  0    train: queued #1              ││queued #1 swarm-03   1.6s clm_swarm0003                      │"
"│ swarm-04 in train       clm_swarm0004  0    train: parked, conflict       ││queued #2 swarm-02   1.7s clm_swarm0002                      │"
"│ swarm-05 in train       clm_swarm0005  0    ready 0123456                 ││parked  swarm-04   1.5s clm_swarm0004 conflict               │"
"│                                                                           ││pinned  swarm-05   1.4s clm_swarm0005                        │"
"│                                                                           │└─────────────────────────────────────────────────────────────┘"
"│                                                                           │┌ Conflicts ──────────────────────────────────────────────────┐"
"│                                                                           ││auto-merged 0  routed 0                                      │"
"│                                                                           ││No overlapping edits yet.                                    │"
"│                                                                           ││                                                             │"
"│                                                                           ││                                                             │"
"│                                                                           ││                                                             │"
"│                                                                           ││                                                             │"
"│                                                                           ││                                                             │"
"└───────────────────────────────────────────────────────────────────────────┘└─────────────────────────────────────────────────────────────┘"
" q stop · p pause · ↑↓ select · enter events                                                                                                "
