---
source: crates/railhead-swarm/src/tui/draw.rs
assertion_line: 498
expression: "render(&View::new(), 120, 24)?.backend()"
---
" SIMULATED RUN  00:00  running  starting                                                                                "
"pushes 0 (0.0/min)  landings 0 (0.0/min)  ready→landed p50 - p95 -                                                      "
"auto-merged 0  routed 0  redos 0  unlanded 0  stalls 0  failures 0  done 0/0                                            "
"────────────────────────────────────────────────────────────────────────────────────────────────────────────────────────"
"┌ Agents ────────────────────────────────────────────────────────┐┌ Train ─────────────────────────────────────────────┐"
"│No agent has reported yet.                                      ││waiting 0  landed 0  unverified 0                   │"
"│                                                                ││                                                    │"
"│                                                                ││                                                    │"
"│                                                                ││                                                    │"
"│                                                                ││                                                    │"
"│                                                                ││                                                    │"
"│                                                                ││                                                    │"
"│                                                                ││                                                    │"
"│                                                                │└────────────────────────────────────────────────────┘"
"│                                                                │┌ Conflicts ─────────────────────────────────────────┐"
"│                                                                ││auto-merged 0  routed 0                             │"
"│                                                                ││No overlapping edits yet.                           │"
"│                                                                ││                                                    │"
"│                                                                ││                                                    │"
"│                                                                ││                                                    │"
"│                                                                ││                                                    │"
"│                                                                ││                                                    │"
"└────────────────────────────────────────────────────────────────┘└────────────────────────────────────────────────────┘"
" q stop · p pause · ↑↓ select · enter events                                                                            "
