---
source: crates/railhead-swarm/src/tui/draw.rs
assertion_line: 514
expression: "render(&view, 140, 30)?.backend()"
---
" SIMULATED RUN  00:11  ended: completed  casqueblanc/demo · 4 agents × 3 rounds · seed 211                                                  "
"pushes 14 (72.6/min)  landings 12 (62.2/min)  ready→landed p50 0.7s p95 2.4s                                                                "
"auto-merged 2  routed 2  redos 2  unverified 0  stalls 0  failures 0  done 4/4                                                              "
"────────────────────────────────────────────────────────────────────────────────────────────────────────────────────────────────────────────"
"┌ Agents ───────────────────────────────────────────────────────────────────┐┌ Train ──────────────────────────────────────────────────────┐"
"│ agent    step       gen claim          land last event                    ││waiting 0  landed 12  unverified 0                           │"
"│›swarm-00 done       1   clm_swarm0009  3    landed clm_swarm0009 in 2.0s  ││landed  swarm-01   0.2s overlap clm_swarm0011                │"
"│ swarm-01 done       2   clm_swarm0011  3    landed clm_swarm0011 in 0.2s  ││landed  swarm-02   2.0s hunks clm_swarm0010                  │"
"│ swarm-02 done       1   clm_swarm0010  3    landed clm_swarm0010 in 2.0s  ││landed  swarm-03   2.4s hunks clm_swarm0008                  │"
"│ swarm-03 done       1   clm_swarm0008  3    landed clm_swarm0008 in 2.4s  ││landed  swarm-00   2.0s overlap clm_swarm0009                │"
"│                                                                           ││landed  swarm-01   1.6s overlap clm_swarm0007                │"
"│                                                                           ││landed  swarm-02   0.9s hunks clm_swarm0004                  │"
"│                                                                           ││landed  swarm-00   0.7s hunks clm_swarm0006                  │"
"│                                                                           ││landed  swarm-03   0.8s disjoint clm_swarm0005               │"
"│                                                                           ││landed  swarm-01   0.2s overlap clm_swarm0001                │"
"│                                                                           ││landed  swarm-00   0.1s disjoint clm_swarm0003               │"
"│                                                                           │└─────────────────────────────────────────────────────────────┘"
"│                                                                           │┌ Conflicts ──────────────────────────────────────────────────┐"
"│                                                                           ││auto-merged 2  routed 2                                      │"
"│                                                                           ││routed→redo swarm/contested.txt swarm-01 clm_swarm0011 vs clm│"
"│                                                                           ││auto-merged swarm/shared.txt clm_swarm0008 + clm_swarm0010   │"
"│                                                                           ││auto-merged swarm/shared.txt clm_swarm0006 + clm_swarm0004   │"
"│                                                                           ││routed→redo swarm/contested.txt swarm-01 clm_swarm0001 vs clm│"
"│                                                                           ││                                                             │"
"│                                                                           ││                                                             │"
"│                                                                           ││                                                             │"
"│                                                                           ││                                                             │"
"│                                                                           ││                                                             │"
"└───────────────────────────────────────────────────────────────────────────┘└─────────────────────────────────────────────────────────────┘"
" q exit · ↑↓ select · enter events                                                                                                          "
