---
source: crates/railhead-swarm/src/tui/draw.rs
assertion_line: 483
expression: "render(&view, 79, 24)?.backend()"
---
"                                                                               "
"                                                                               "
"                                                                               "
"                                                                               "
"                                                                               "
"                                                                               "
"                                                                               "
"                                                                               "
"                                                                               "
"                                                                               "
"                                                                               "
"                        railhead-swarm · simulated run                         "
"                 The view needs 80×16; this terminal is 79×24.                 "
"                         The run goes on. q stops it.                          "
"                                                                               "
"                                                                               "
"                                                                               "
"                                                                               "
"                                                                               "
"                                                                               "
"                                                                               "
"                                                                               "
"                                                                               "
"                                                                               "
